// Jest Snapshot v1, https://goo.gl/fbAQLP

exports[`DateField should render correctly 1`] = `"<div><div class=\\"d-none form-group\\"><label class=\\"form-label\\"><span class=\\"text-warning\\"><svg aria-hidden=\\"true\\" focusable=\\"false\\" data-prefix=\\"fas\\" data-icon=\\"exclamation-triangle\\" class=\\"svg-inline--fa fa-exclamation-triangle fa-w-18 margin-left-0-5\\" role=\\"img\\" xmlns=\\"http://www.w3.org/2000/svg\\" viewBox=\\"0 0 576 512\\"><path fill=\\"currentColor\\" d=\\"M569.517 440.013C587.975 472.007 564.806 512 527.94 512H48.054c-36.937 0-59.999-40.055-41.577-71.987L246.423 23.985c18.467-32.009 64.72-31.951 83.154 0l239.94 416.028zM288 354c-25.405 0-46 20.595-46 46s20.595 46 46 46 46-20.595 46-46-20.595-46-46-46zm-43.673-165.346l7.418 136c.347 6.364 5.609 11.346 11.982 11.346h48.546c6.373 0 11.635-4.982 11.982-11.346l7.418-136c.375-6.874-5.098-12.654-11.982-12.654h-63.383c-6.884 0-12.356 5.78-11.981 12.654z\\"></path></svg><span class=\\"text-warning\\"> Are you sure? You entered a date in the future! </span></span></label><div class=\\"responsive-date-field input-group\\"><input maxlength=\\"4\\" placeholder=\\"YYYY\\" style=\\"width: 4.5em;\\" type=\\"text\\" class=\\"year-field form-control\\" value=\\"\\"><div class=\\"input-group-append\\" style=\\"margin-right: -1px;\\"><span class=\\"input-group-text\\" style=\\"padding: 0px 0.5em;\\">-</span></div><input maxlength=\\"2\\" placeholder=\\"MM\\" type=\\"text\\" class=\\"other-date-field form-control\\" value=\\"\\"><div class=\\"input-group-append\\" style=\\"margin-right: -1px;\\"><span class=\\"input-group-text\\" style=\\"padding: 0px 0.5em;\\">-</span></div><input maxlength=\\"2\\" placeholder=\\"DD\\" type=\\"text\\" class=\\"other-date-field form-control\\" value=\\"\\"><div class=\\"input-group-append\\"><div class=\\"react-datepicker-wrapper\\"><div class=\\"react-datepicker__input-container\\"><button style=\\"line-height: 1.75; padding: 0.375em 0.938em;\\" value=\\"\\" type=\\"button\\" class=\\"btn btn-info\\"><svg aria-hidden=\\"true\\" focusable=\\"false\\" data-prefix=\\"fas\\" data-icon=\\"calendar-alt\\" class=\\"svg-inline--fa fa-calendar-alt fa-w-14 \\" role=\\"img\\" xmlns=\\"http://www.w3.org/2000/svg\\" viewBox=\\"0 0 448 512\\"><path fill=\\"currentColor\\" d=\\"M0 464c0 26.5 21.5 48 48 48h352c26.5 0 48-21.5 48-48V192H0v272zm320-196c0-6.6 5.4-12 12-12h40c6.6 0 12 5.4 12 12v40c0 6.6-5.4 12-12 12h-40c-6.6 0-12-5.4-12-12v-40zm0 128c0-6.6 5.4-12 12-12h40c6.6 0 12 5.4 12 12v40c0 6.6-5.4 12-12 12h-40c-6.6 0-12-5.4-12-12v-40zM192 268c0-6.6 5.4-12 12-12h40c6.6 0 12 5.4 12 12v40c0 6.6-5.4 12-12 12h-40c-6.6 0-12-5.4-12-12v-40zm0 128c0-6.6 5.4-12 12-12h40c6.6 0 12 5.4 12 12v40c0 6.6-5.4 12-12 12h-40c-6.6 0-12-5.4-12-12v-40zM64 268c0-6.6 5.4-12 12-12h40c6.6 0 12 5.4 12 12v40c0 6.6-5.4 12-12 12H76c-6.6 0-12-5.4-12-12v-40zm0 128c0-6.6 5.4-12 12-12h40c6.6 0 12 5.4 12 12v40c0 6.6-5.4 12-12 12H76c-6.6 0-12-5.4-12-12v-40zM400 64h-48V16c0-8.8-7.2-16-16-16h-32c-8.8 0-16 7.2-16 16v48H160V16c0-8.8-7.2-16-16-16h-32c-8.8 0-16 7.2-16 16v48H48C21.5 64 0 85.5 0 112v48h448v-48c0-26.5-21.5-48-48-48z\\"></path></svg></button></div></div></div></div></div></div>"`;
